d:\vc\opc2modbusv3\opc2modbusv3\release\vc145.pdb
d:\vc\opc2modbusv3\opc2modbusv3\release\ui.obj
d:\vc\opc2modbusv3\opc2modbusv3\release\servers.obj
d:\vc\opc2modbusv3\opc2modbusv3\release\opc_enum.obj
d:\vc\opc2modbusv3\opc2modbusv3\release\opc_client.obj
d:\vc\opc2modbusv3\opc2modbusv3\release\opc_browse.obj
d:\vc\opc2modbusv3\opc2modbusv3\release\modbus_server.obj
d:\vc\opc2modbusv3\opc2modbusv3\release\mapping2.obj
d:\vc\opc2modbusv3\opc2modbusv3\release\mapping.obj
d:\vc\opc2modbusv3\opc2modbusv3\release\main.obj
d:\vc\opc2modbusv3\opc2modbusv3\release\logger.obj
d:\vc\opc2modbusv3\opc2modbusv3\release\config.obj
d:\vc\opc2modbusv3\release\opc2modbusv3.exe
d:\vc\opc2modbusv3\release\opc2modbusv3.pdb
d:\vc\opc2modbusv3\opc2modbusv3\release\resource.res
d:\vc\opc2modbusv3\opc2modbusv3\release\opc2modbusv3.ipdb
d:\vc\opc2modbusv3\opc2modbusv3\release\opc2modbusv3.iobj
d:\vc\opc2modbusv3\opc2modbusv3\release\opc2modbusv3.tlog\cl.command.1.tlog
d:\vc\opc2modbusv3\opc2modbusv3\release\opc2modbusv3.tlog\cl.items.tlog
d:\vc\opc2modbusv3\opc2modbusv3\release\opc2modbusv3.tlog\cl.read.1.tlog
d:\vc\opc2modbusv3\opc2modbusv3\release\opc2modbusv3.tlog\cl.write.1.tlog
d:\vc\opc2modbusv3\opc2modbusv3\release\opc2modbusv3.tlog\link.command.1.tlog
d:\vc\opc2modbusv3\opc2modbusv3\release\opc2modbusv3.tlog\link.read.1.tlog
d:\vc\opc2modbusv3\opc2modbusv3\release\opc2modbusv3.tlog\link.secondary.1.tlog
d:\vc\opc2modbusv3\opc2modbusv3\release\opc2modbusv3.tlog\link.write.1.tlog
d:\vc\opc2modbusv3\opc2modbusv3\release\opc2modbusv3.tlog\opc2modbusv3.write.1u.tlog
d:\vc\opc2modbusv3\opc2modbusv3\release\opc2modbusv3.tlog\rc.command.1.tlog
d:\vc\opc2modbusv3\opc2modbusv3\release\opc2modbusv3.tlog\rc.read.1.tlog
d:\vc\opc2modbusv3\opc2modbusv3\release\opc2modbusv3.tlog\rc.write.1.tlog
