  config.c
D:\VC\OPC2MODBUSV3\config.c(9,44): warning C4133: “函数”: 从“char [7]”到“LPCWSTR”的类型不兼容
D:\VC\OPC2MODBUSV3\config.c(9,54): warning C4133: “函数”: 从“char [8]”到“LPCWSTR”的类型不兼容
D:\VC\OPC2MODBUSV3\config.c(9,70): warning C4133: “函数”: 从“char [13]”到“LPCWSTR”的类型不兼容
D:\VC\OPC2MODBUSV3\config.c(10,44): warning C4133: “函数”: 从“char [7]”到“LPCWSTR”的类型不兼容
D:\VC\OPC2MODBUSV3\config.c(10,54): warning C4133: “函数”: 从“char [8]”到“LPCWSTR”的类型不兼容
D:\VC\OPC2MODBUSV3\config.c(10,68): warning C4133: “函数”: 从“char [13]”到“LPCWSTR”的类型不兼容
D:\VC\OPC2MODBUSV3\config.c(11,44): warning C4133: “函数”: 从“char [4]”到“LPCWSTR”的类型不兼容
D:\VC\OPC2MODBUSV3\config.c(11,51): warning C4133: “函数”: 从“char [16]”到“LPCWSTR”的类型不兼容
D:\VC\OPC2MODBUSV3\config.c(11,76): warning C4133: “函数”: 从“char [13]”到“LPCWSTR”的类型不兼容
D:\VC\OPC2MODBUSV3\config.c(12,29): warning C4133: “函数”: 从“char [5]”到“LPCWSTR”的类型不兼容
D:\VC\OPC2MODBUSV3\config.c(12,37): warning C4133: “函数”: 从“char [12]”到“LPCWSTR”的类型不兼容
D:\VC\OPC2MODBUSV3\config.c(12,52): warning C4133: “函数”: 从“char [12]”到“LPCWSTR”的类型不兼容
D:\VC\OPC2MODBUSV3\config.c(13,32): warning C4133: “函数”: 从“char [260]”到“LPWSTR”的类型不兼容
D:\VC\OPC2MODBUSV3\config.c(13,58): warning C4133: “函数”: 从“char [13]”到“LPCWSTR”的类型不兼容
D:\VC\OPC2MODBUSV3\config.c(19,31): warning C4133: “函数”: 从“char [4]”到“LPCWSTR”的类型不兼容
D:\VC\OPC2MODBUSV3\config.c(19,38): warning C4133: “函数”: 从“char [16]”到“LPCWSTR”的类型不兼容
D:\VC\OPC2MODBUSV3\config.c(19,57): warning C4133: “函数”: 从“char [16]”到“LPCWSTR”的类型不兼容
D:\VC\OPC2MODBUSV3\config.c(19,62): warning C4133: “函数”: 从“char [13]”到“LPCWSTR”的类型不兼容
D:\VC\OPC2MODBUSV3\config.c(21,31): warning C4133: “函数”: 从“char [7]”到“LPCWSTR”的类型不兼容
D:\VC\OPC2MODBUSV3\config.c(21,41): warning C4133: “函数”: 从“char [8]”到“LPCWSTR”的类型不兼容
D:\VC\OPC2MODBUSV3\config.c(21,52): warning C4133: “函数”: 从“char [16]”到“LPCWSTR”的类型不兼容
D:\VC\OPC2MODBUSV3\config.c(21,57): warning C4133: “函数”: 从“char [13]”到“LPCWSTR”的类型不兼容
D:\VC\OPC2MODBUSV3\config.c(23,31): warning C4133: “函数”: 从“char [7]”到“LPCWSTR”的类型不兼容
D:\VC\OPC2MODBUSV3\config.c(23,41): warning C4133: “函数”: 从“char [8]”到“LPCWSTR”的类型不兼容
D:\VC\OPC2MODBUSV3\config.c(23,52): warning C4133: “函数”: 从“char [16]”到“LPCWSTR”的类型不兼容
D:\VC\OPC2MODBUSV3\config.c(23,57): warning C4133: “函数”: 从“char [13]”到“LPCWSTR”的类型不兼容
D:\VC\OPC2MODBUSV3\config.c(24,31): warning C4133: “函数”: 从“char [5]”到“LPCWSTR”的类型不兼容
D:\VC\OPC2MODBUSV3\config.c(24,39): warning C4133: “函数”: 从“char [12]”到“LPCWSTR”的类型不兼容
D:\VC\OPC2MODBUSV3\config.c(24,57): warning C4133: “函数”: 从“const char [260]”到“LPCWSTR”的类型不兼容
D:\VC\OPC2MODBUSV3\config.c(24,73): warning C4133: “函数”: 从“char [13]”到“LPCWSTR”的类型不兼容
D:\VC\OPC2MODBUSV3\config.c(18,5): error C4996: 'sprintf': This function or variable may be unsafe. Consider using sprintf_s instead. To disable deprecation, use _CRT_SECURE_NO_WARNINGS. See online help for details.
D:\VC\OPC2MODBUSV3\config.c(20,5): error C4996: 'sprintf': This function or variable may be unsafe. Consider using sprintf_s instead. To disable deprecation, use _CRT_SECURE_NO_WARNINGS. See online help for details.
D:\VC\OPC2MODBUSV3\config.c(22,5): error C4996: 'sprintf': This function or variable may be unsafe. Consider using sprintf_s instead. To disable deprecation, use _CRT_SECURE_NO_WARNINGS. See online help for details.
D:\VC\OPC2MODBUSV3\config.c(37,19): warning C4018: '<': 有符号/无符号不匹配
D:\VC\OPC2MODBUSV3\config.c(54,23): warning C4018: '<=': 有符号/无符号不匹配
  main.c
D:\VC\OPC2MODBUSV3\servers.h(5,10): error C1083: 无法打开包括文件: “opcda.h”: No such file or directory
  (编译源文件“main.c”)
  
  mapping.c
D:\VC\OPC2MODBUSV3\mapping.h(5,10): error C1083: 无法打开包括文件: “opcda.h”: No such file or directory
  (编译源文件“mapping.c”)
  
  modbus_server.c
D:\VC\OPC2MODBUSV3\mapping.h(5,10): error C1083: 无法打开包括文件: “opcda.h”: No such file or directory
  (编译源文件“modbus_server.c”)
  
  opc_client.c
D:\VC\OPC2MODBUSV3\servers.h(5,10): error C1083: 无法打开包括文件: “opcda.h”: No such file or directory
  (编译源文件“opc_client.c”)
  
  servers.c
D:\VC\OPC2MODBUSV3\servers.h(5,10): error C1083: 无法打开包括文件: “opcda.h”: No such file or directory
  (编译源文件“servers.c”)
  
  ui.c
D:\VC\OPC2MODBUSV3\servers.h(5,10): error C1083: 无法打开包括文件: “opcda.h”: No such file or directory
  (编译源文件“ui.c”)
  
  正在生成代码...
